
> RondetherGonzales_portfolio@0.1.0 dev
> next dev

⚠ Invalid next.config.ts options detected: 
⚠     Unrecognized key(s) in object: 'turbopack' at "experimental"
⚠ See more info here: https://nextjs.org/docs/messages/invalid-next-config
⚠ Warning: Next.js inferred your workspace root, but it may not be correct.
 We detected multiple lockfiles and selected the directory of /home/gonzales/package-lock.json as the root directory.
 To silence this warning, set `turbopack.root` in your Next.js config, or consider removing one of the lockfiles if it's not needed.
   See https://nextjs.org/docs/app/api-reference/config/next-config-js/turbopack#root-directory for more information.
 Detected additional lockfiles: 
   * /home/gonzales/Desktop/Portfolio679/RondetherGonzales_portfolio/package-lock.json
   * /home/gonzales/Desktop/Portfolio679/package-lock.json
   * /home/gonzales/Desktop/package-lock.json

▲ Next.js 16.1.6 (Turbopack)
- Local:         http://localhost:3000
- Network:       http://192.168.1.129:3000
- Environments: .env.local
- Experiments (use with caution):
  ? turbopack (invalid experimental key)

✓ Starting...
✓ Ready in 980ms
[?25h
